// Vitest Snapshot v1, https://vitest.dev/guide/snapshot.html

exports[`role x capability matrix > matches the exact grant table for every role x every capability 1`] = `
{
  "admin": {
    "accounting.expense.create": false,
    "accounting.expense.view": false,
    "accounting.pnl.view": false,
    "admin.auditLog.view": true,
    "admin.branches.manage": false,
    "admin.departments.manage": false,
    "admin.roles.assign": true,
    "admin.roles.view": true,
    "admin.settings.manage": true,
    "admin.staff.create": true,
    "admin.staff.delete": false,
    "admin.staff.edit": false,
    "admin.staff.view": false,
    "clinical.appointments.manage": false,
    "clinical.intake.record": false,
    "clinical.intake.view": false,
    "clinical.lab.order": false,
    "clinical.lab.results.enter": false,
    "clinical.lab.view": false,
    "clinical.questionnaire.manage": true,
    "clinical.record.create": false,
    "clinical.record.view": false,
    "crm.customer.create": false,
    "crm.customer.manage": false,
    "crm.customer.view": false,
    "dashboard.activity.view": false,
    "hr.attendance.self": true,
    "hr.attendance.view": false,
    "hr.leave.approve": false,
    "hr.leave.request": true,
    "inventory.catalog.manage": false,
    "inventory.stock.adjust": false,
    "inventory.stock.transfer": false,
    "inventory.stock.view": false,
    "inventory.suppliers.manage": false,
    "messaging.access": true,
    "payroll.record.create": false,
    "payroll.record.view": false,
    "pos.delivery.fulfill": false,
    "pos.sale.create": false,
    "pos.sale.view": false,
    "pos.sale.void": false,
    "reports.inventory.view": false,
    "reports.sales.view": false,
    "seminars.attendance.record": false,
    "seminars.attendance.view": false,
    "seminars.manage": false,
  },
  "branch_manager": {
    "accounting.expense.create": false,
    "accounting.expense.view": false,
    "accounting.pnl.view": false,
    "admin.auditLog.view": false,
    "admin.branches.manage": false,
    "admin.departments.manage": true,
    "admin.roles.assign": false,
    "admin.roles.view": false,
    "admin.settings.manage": false,
    "admin.staff.create": false,
    "admin.staff.delete": false,
    "admin.staff.edit": false,
    "admin.staff.view": false,
    "clinical.appointments.manage": false,
    "clinical.intake.record": false,
    "clinical.intake.view": false,
    "clinical.lab.order": false,
    "clinical.lab.results.enter": false,
    "clinical.lab.view": false,
    "clinical.questionnaire.manage": false,
    "clinical.record.create": false,
    "clinical.record.view": false,
    "crm.customer.create": true,
    "crm.customer.manage": true,
    "crm.customer.view": true,
    "dashboard.activity.view": true,
    "hr.attendance.self": true,
    "hr.attendance.view": true,
    "hr.leave.approve": true,
    "hr.leave.request": true,
    "inventory.catalog.manage": false,
    "inventory.stock.adjust": true,
    "inventory.stock.transfer": true,
    "inventory.stock.view": true,
    "inventory.suppliers.manage": true,
    "messaging.access": true,
    "payroll.record.create": false,
    "payroll.record.view": false,
    "pos.delivery.fulfill": true,
    "pos.sale.create": true,
    "pos.sale.view": true,
    "pos.sale.void": true,
    "reports.inventory.view": true,
    "reports.sales.view": true,
    "seminars.attendance.record": false,
    "seminars.attendance.view": false,
    "seminars.manage": false,
  },
  "cashier": {
    "accounting.expense.create": false,
    "accounting.expense.view": false,
    "accounting.pnl.view": false,
    "admin.auditLog.view": false,
    "admin.branches.manage": false,
    "admin.departments.manage": false,
    "admin.roles.assign": false,
    "admin.roles.view": false,
    "admin.settings.manage": false,
    "admin.staff.create": false,
    "admin.staff.delete": false,
    "admin.staff.edit": false,
    "admin.staff.view": false,
    "clinical.appointments.manage": false,
    "clinical.intake.record": false,
    "clinical.intake.view": false,
    "clinical.lab.order": false,
    "clinical.lab.results.enter": false,
    "clinical.lab.view": false,
    "clinical.questionnaire.manage": false,
    "clinical.record.create": false,
    "clinical.record.view": false,
    "crm.customer.create": true,
    "crm.customer.manage": false,
    "crm.customer.view": true,
    "dashboard.activity.view": false,
    "hr.attendance.self": true,
    "hr.attendance.view": false,
    "hr.leave.approve": false,
    "hr.leave.request": true,
    "inventory.catalog.manage": false,
    "inventory.stock.adjust": false,
    "inventory.stock.transfer": false,
    "inventory.stock.view": false,
    "inventory.suppliers.manage": false,
    "messaging.access": true,
    "payroll.record.create": false,
    "payroll.record.view": false,
    "pos.delivery.fulfill": true,
    "pos.sale.create": true,
    "pos.sale.view": true,
    "pos.sale.void": false,
    "reports.inventory.view": false,
    "reports.sales.view": false,
    "seminars.attendance.record": false,
    "seminars.attendance.view": false,
    "seminars.manage": false,
  },
  "doctor": {
    "accounting.expense.create": false,
    "accounting.expense.view": false,
    "accounting.pnl.view": false,
    "admin.auditLog.view": false,
    "admin.branches.manage": false,
    "admin.departments.manage": false,
    "admin.roles.assign": false,
    "admin.roles.view": false,
    "admin.settings.manage": false,
    "admin.staff.create": false,
    "admin.staff.delete": false,
    "admin.staff.edit": false,
    "admin.staff.view": false,
    "clinical.appointments.manage": true,
    "clinical.intake.record": true,
    "clinical.intake.view": true,
    "clinical.lab.order": true,
    "clinical.lab.results.enter": true,
    "clinical.lab.view": true,
    "clinical.questionnaire.manage": false,
    "clinical.record.create": true,
    "clinical.record.view": true,
    "crm.customer.create": false,
    "crm.customer.manage": false,
    "crm.customer.view": false,
    "dashboard.activity.view": false,
    "hr.attendance.self": true,
    "hr.attendance.view": false,
    "hr.leave.approve": false,
    "hr.leave.request": true,
    "inventory.catalog.manage": false,
    "inventory.stock.adjust": false,
    "inventory.stock.transfer": false,
    "inventory.stock.view": false,
    "inventory.suppliers.manage": false,
    "messaging.access": true,
    "payroll.record.create": false,
    "payroll.record.view": false,
    "pos.delivery.fulfill": false,
    "pos.sale.create": false,
    "pos.sale.view": false,
    "pos.sale.void": false,
    "reports.inventory.view": false,
    "reports.sales.view": false,
    "seminars.attendance.record": false,
    "seminars.attendance.view": true,
    "seminars.manage": false,
  },
  "finance_admin": {
    "accounting.expense.create": true,
    "accounting.expense.view": true,
    "accounting.pnl.view": true,
    "admin.auditLog.view": false,
    "admin.branches.manage": false,
    "admin.departments.manage": false,
    "admin.roles.assign": false,
    "admin.roles.view": false,
    "admin.settings.manage": false,
    "admin.staff.create": false,
    "admin.staff.delete": false,
    "admin.staff.edit": false,
    "admin.staff.view": false,
    "clinical.appointments.manage": false,
    "clinical.intake.record": false,
    "clinical.intake.view": false,
    "clinical.lab.order": false,
    "clinical.lab.results.enter": false,
    "clinical.lab.view": false,
    "clinical.questionnaire.manage": false,
    "clinical.record.create": false,
    "clinical.record.view": false,
    "crm.customer.create": false,
    "crm.customer.manage": false,
    "crm.customer.view": false,
    "dashboard.activity.view": false,
    "hr.attendance.self": true,
    "hr.attendance.view": false,
    "hr.leave.approve": false,
    "hr.leave.request": true,
    "inventory.catalog.manage": false,
    "inventory.stock.adjust": false,
    "inventory.stock.transfer": false,
    "inventory.stock.view": false,
    "inventory.suppliers.manage": false,
    "messaging.access": true,
    "payroll.record.create": true,
    "payroll.record.view": true,
    "pos.delivery.fulfill": false,
    "pos.sale.create": false,
    "pos.sale.view": false,
    "pos.sale.void": false,
    "reports.inventory.view": true,
    "reports.sales.view": true,
    "seminars.attendance.record": false,
    "seminars.attendance.view": false,
    "seminars.manage": false,
  },
  "general_manager": {
    "accounting.expense.create": false,
    "accounting.expense.view": true,
    "accounting.pnl.view": true,
    "admin.auditLog.view": false,
    "admin.branches.manage": true,
    "admin.departments.manage": true,
    "admin.roles.assign": false,
    "admin.roles.view": false,
    "admin.settings.manage": false,
    "admin.staff.create": false,
    "admin.staff.delete": true,
    "admin.staff.edit": true,
    "admin.staff.view": true,
    "clinical.appointments.manage": true,
    "clinical.intake.record": false,
    "clinical.intake.view": true,
    "clinical.lab.order": false,
    "clinical.lab.results.enter": false,
    "clinical.lab.view": true,
    "clinical.questionnaire.manage": true,
    "clinical.record.create": false,
    "clinical.record.view": true,
    "crm.customer.create": false,
    "crm.customer.manage": false,
    "crm.customer.view": false,
    "dashboard.activity.view": true,
    "hr.attendance.self": true,
    "hr.attendance.view": true,
    "hr.leave.approve": true,
    "hr.leave.request": true,
    "inventory.catalog.manage": true,
    "inventory.stock.adjust": false,
    "inventory.stock.transfer": false,
    "inventory.stock.view": false,
    "inventory.suppliers.manage": false,
    "messaging.access": true,
    "payroll.record.create": false,
    "payroll.record.view": true,
    "pos.delivery.fulfill": true,
    "pos.sale.create": false,
    "pos.sale.view": false,
    "pos.sale.void": true,
    "reports.inventory.view": true,
    "reports.sales.view": true,
    "seminars.attendance.record": false,
    "seminars.attendance.view": true,
    "seminars.manage": true,
  },
  "hr_admin": {
    "accounting.expense.create": false,
    "accounting.expense.view": false,
    "accounting.pnl.view": false,
    "admin.auditLog.view": false,
    "admin.branches.manage": false,
    "admin.departments.manage": false,
    "admin.roles.assign": true,
    "admin.roles.view": true,
    "admin.settings.manage": false,
    "admin.staff.create": true,
    "admin.staff.delete": true,
    "admin.staff.edit": true,
    "admin.staff.view": true,
    "clinical.appointments.manage": false,
    "clinical.intake.record": false,
    "clinical.intake.view": false,
    "clinical.lab.order": false,
    "clinical.lab.results.enter": false,
    "clinical.lab.view": false,
    "clinical.questionnaire.manage": false,
    "clinical.record.create": false,
    "clinical.record.view": false,
    "crm.customer.create": false,
    "crm.customer.manage": false,
    "crm.customer.view": false,
    "dashboard.activity.view": false,
    "hr.attendance.self": true,
    "hr.attendance.view": true,
    "hr.leave.approve": true,
    "hr.leave.request": true,
    "inventory.catalog.manage": false,
    "inventory.stock.adjust": false,
    "inventory.stock.transfer": false,
    "inventory.stock.view": false,
    "inventory.suppliers.manage": false,
    "messaging.access": true,
    "payroll.record.create": false,
    "payroll.record.view": true,
    "pos.delivery.fulfill": false,
    "pos.sale.create": false,
    "pos.sale.view": false,
    "pos.sale.void": false,
    "reports.inventory.view": false,
    "reports.sales.view": false,
    "seminars.attendance.record": false,
    "seminars.attendance.view": false,
    "seminars.manage": false,
  },
  "inventory_manager": {
    "accounting.expense.create": false,
    "accounting.expense.view": false,
    "accounting.pnl.view": false,
    "admin.auditLog.view": false,
    "admin.branches.manage": false,
    "admin.departments.manage": false,
    "admin.roles.assign": false,
    "admin.roles.view": false,
    "admin.settings.manage": false,
    "admin.staff.create": false,
    "admin.staff.delete": false,
    "admin.staff.edit": false,
    "admin.staff.view": false,
    "clinical.appointments.manage": false,
    "clinical.intake.record": false,
    "clinical.intake.view": false,
    "clinical.lab.order": false,
    "clinical.lab.results.enter": false,
    "clinical.lab.view": false,
    "clinical.questionnaire.manage": false,
    "clinical.record.create": false,
    "clinical.record.view": false,
    "crm.customer.create": false,
    "crm.customer.manage": false,
    "crm.customer.view": false,
    "dashboard.activity.view": false,
    "hr.attendance.self": true,
    "hr.attendance.view": false,
    "hr.leave.approve": false,
    "hr.leave.request": true,
    "inventory.catalog.manage": true,
    "inventory.stock.adjust": false,
    "inventory.stock.transfer": false,
    "inventory.stock.view": false,
    "inventory.suppliers.manage": false,
    "messaging.access": true,
    "payroll.record.create": false,
    "payroll.record.view": false,
    "pos.delivery.fulfill": false,
    "pos.sale.create": false,
    "pos.sale.view": false,
    "pos.sale.void": false,
    "reports.inventory.view": false,
    "reports.sales.view": false,
    "seminars.attendance.record": false,
    "seminars.attendance.view": false,
    "seminars.manage": false,
  },
  "it_admin": {
    "accounting.expense.create": false,
    "accounting.expense.view": false,
    "accounting.pnl.view": false,
    "admin.auditLog.view": true,
    "admin.branches.manage": false,
    "admin.departments.manage": false,
    "admin.roles.assign": false,
    "admin.roles.view": false,
    "admin.settings.manage": true,
    "admin.staff.create": false,
    "admin.staff.delete": false,
    "admin.staff.edit": false,
    "admin.staff.view": false,
    "clinical.appointments.manage": false,
    "clinical.intake.record": false,
    "clinical.intake.view": false,
    "clinical.lab.order": false,
    "clinical.lab.results.enter": false,
    "clinical.lab.view": false,
    "clinical.questionnaire.manage": false,
    "clinical.record.create": false,
    "clinical.record.view": false,
    "crm.customer.create": false,
    "crm.customer.manage": false,
    "crm.customer.view": false,
    "dashboard.activity.view": false,
    "hr.attendance.self": true,
    "hr.attendance.view": false,
    "hr.leave.approve": false,
    "hr.leave.request": true,
    "inventory.catalog.manage": false,
    "inventory.stock.adjust": false,
    "inventory.stock.transfer": false,
    "inventory.stock.view": false,
    "inventory.suppliers.manage": false,
    "messaging.access": true,
    "payroll.record.create": false,
    "payroll.record.view": false,
    "pos.delivery.fulfill": false,
    "pos.sale.create": false,
    "pos.sale.view": false,
    "pos.sale.void": false,
    "reports.inventory.view": false,
    "reports.sales.view": false,
    "seminars.attendance.record": false,
    "seminars.attendance.view": false,
    "seminars.manage": false,
  },
  "lab_staff": {
    "accounting.expense.create": false,
    "accounting.expense.view": false,
    "accounting.pnl.view": false,
    "admin.auditLog.view": false,
    "admin.branches.manage": false,
    "admin.departments.manage": false,
    "admin.roles.assign": false,
    "admin.roles.view": false,
    "admin.settings.manage": false,
    "admin.staff.create": false,
    "admin.staff.delete": false,
    "admin.staff.edit": false,
    "admin.staff.view": false,
    "clinical.appointments.manage": false,
    "clinical.intake.record": false,
    "clinical.intake.view": false,
    "clinical.lab.order": false,
    "clinical.lab.results.enter": true,
    "clinical.lab.view": true,
    "clinical.questionnaire.manage": false,
    "clinical.record.create": false,
    "clinical.record.view": false,
    "crm.customer.create": false,
    "crm.customer.manage": false,
    "crm.customer.view": false,
    "dashboard.activity.view": false,
    "hr.attendance.self": true,
    "hr.attendance.view": false,
    "hr.leave.approve": false,
    "hr.leave.request": true,
    "inventory.catalog.manage": false,
    "inventory.stock.adjust": false,
    "inventory.stock.transfer": false,
    "inventory.stock.view": false,
    "inventory.suppliers.manage": false,
    "messaging.access": true,
    "payroll.record.create": false,
    "payroll.record.view": false,
    "pos.delivery.fulfill": false,
    "pos.sale.create": false,
    "pos.sale.view": false,
    "pos.sale.void": false,
    "reports.inventory.view": false,
    "reports.sales.view": false,
    "seminars.attendance.record": false,
    "seminars.attendance.view": false,
    "seminars.manage": false,
  },
  "medical_secretary": {
    "accounting.expense.create": false,
    "accounting.expense.view": false,
    "accounting.pnl.view": false,
    "admin.auditLog.view": false,
    "admin.branches.manage": false,
    "admin.departments.manage": false,
    "admin.roles.assign": false,
    "admin.roles.view": false,
    "admin.settings.manage": false,
    "admin.staff.create": false,
    "admin.staff.delete": false,
    "admin.staff.edit": false,
    "admin.staff.view": false,
    "clinical.appointments.manage": true,
    "clinical.intake.record": false,
    "clinical.intake.view": true,
    "clinical.lab.order": false,
    "clinical.lab.results.enter": false,
    "clinical.lab.view": true,
    "clinical.questionnaire.manage": false,
    "clinical.record.create": false,
    "clinical.record.view": true,
    "crm.customer.create": false,
    "crm.customer.manage": false,
    "crm.customer.view": true,
    "dashboard.activity.view": false,
    "hr.attendance.self": true,
    "hr.attendance.view": false,
    "hr.leave.approve": false,
    "hr.leave.request": true,
    "inventory.catalog.manage": false,
    "inventory.stock.adjust": false,
    "inventory.stock.transfer": false,
    "inventory.stock.view": false,
    "inventory.suppliers.manage": false,
    "messaging.access": true,
    "payroll.record.create": false,
    "payroll.record.view": false,
    "pos.delivery.fulfill": false,
    "pos.sale.create": false,
    "pos.sale.view": false,
    "pos.sale.void": false,
    "reports.inventory.view": false,
    "reports.sales.view": false,
    "seminars.attendance.record": false,
    "seminars.attendance.view": true,
    "seminars.manage": true,
  },
  "nurse": {
    "accounting.expense.create": false,
    "accounting.expense.view": false,
    "accounting.pnl.view": false,
    "admin.auditLog.view": false,
    "admin.branches.manage": false,
    "admin.departments.manage": false,
    "admin.roles.assign": false,
    "admin.roles.view": false,
    "admin.settings.manage": false,
    "admin.staff.create": false,
    "admin.staff.delete": false,
    "admin.staff.edit": false,
    "admin.staff.view": false,
    "clinical.appointments.manage": false,
    "clinical.intake.record": true,
    "clinical.intake.view": true,
    "clinical.lab.order": false,
    "clinical.lab.results.enter": false,
    "clinical.lab.view": true,
    "clinical.questionnaire.manage": true,
    "clinical.record.create": false,
    "clinical.record.view": false,
    "crm.customer.create": false,
    "crm.customer.manage": false,
    "crm.customer.view": false,
    "dashboard.activity.view": false,
    "hr.attendance.self": true,
    "hr.attendance.view": false,
    "hr.leave.approve": false,
    "hr.leave.request": true,
    "inventory.catalog.manage": false,
    "inventory.stock.adjust": false,
    "inventory.stock.transfer": false,
    "inventory.stock.view": false,
    "inventory.suppliers.manage": false,
    "messaging.access": true,
    "payroll.record.create": false,
    "payroll.record.view": false,
    "pos.delivery.fulfill": false,
    "pos.sale.create": false,
    "pos.sale.view": false,
    "pos.sale.void": false,
    "reports.inventory.view": false,
    "reports.sales.view": false,
    "seminars.attendance.record": false,
    "seminars.attendance.view": false,
    "seminars.manage": false,
  },
  "protocol": {
    "accounting.expense.create": false,
    "accounting.expense.view": false,
    "accounting.pnl.view": false,
    "admin.auditLog.view": false,
    "admin.branches.manage": false,
    "admin.departments.manage": false,
    "admin.roles.assign": false,
    "admin.roles.view": false,
    "admin.settings.manage": false,
    "admin.staff.create": false,
    "admin.staff.delete": false,
    "admin.staff.edit": false,
    "admin.staff.view": false,
    "clinical.appointments.manage": false,
    "clinical.intake.record": false,
    "clinical.intake.view": false,
    "clinical.lab.order": false,
    "clinical.lab.results.enter": false,
    "clinical.lab.view": false,
    "clinical.questionnaire.manage": false,
    "clinical.record.create": false,
    "clinical.record.view": false,
    "crm.customer.create": false,
    "crm.customer.manage": false,
    "crm.customer.view": false,
    "dashboard.activity.view": false,
    "hr.attendance.self": true,
    "hr.attendance.view": false,
    "hr.leave.approve": false,
    "hr.leave.request": true,
    "inventory.catalog.manage": false,
    "inventory.stock.adjust": false,
    "inventory.stock.transfer": false,
    "inventory.stock.view": false,
    "inventory.suppliers.manage": false,
    "messaging.access": true,
    "payroll.record.create": false,
    "payroll.record.view": false,
    "pos.delivery.fulfill": false,
    "pos.sale.create": false,
    "pos.sale.view": false,
    "pos.sale.void": false,
    "reports.inventory.view": false,
    "reports.sales.view": false,
    "seminars.attendance.record": true,
    "seminars.attendance.view": true,
    "seminars.manage": false,
  },
  "super_admin": {
    "accounting.expense.create": true,
    "accounting.expense.view": true,
    "accounting.pnl.view": true,
    "admin.auditLog.view": true,
    "admin.branches.manage": true,
    "admin.departments.manage": true,
    "admin.roles.assign": true,
    "admin.roles.view": true,
    "admin.settings.manage": true,
    "admin.staff.create": true,
    "admin.staff.delete": true,
    "admin.staff.edit": true,
    "admin.staff.view": true,
    "clinical.appointments.manage": true,
    "clinical.intake.record": true,
    "clinical.intake.view": true,
    "clinical.lab.order": true,
    "clinical.lab.results.enter": true,
    "clinical.lab.view": true,
    "clinical.questionnaire.manage": true,
    "clinical.record.create": true,
    "clinical.record.view": true,
    "crm.customer.create": true,
    "crm.customer.manage": true,
    "crm.customer.view": true,
    "dashboard.activity.view": true,
    "hr.attendance.self": true,
    "hr.attendance.view": true,
    "hr.leave.approve": true,
    "hr.leave.request": true,
    "inventory.catalog.manage": true,
    "inventory.stock.adjust": true,
    "inventory.stock.transfer": true,
    "inventory.stock.view": true,
    "inventory.suppliers.manage": true,
    "messaging.access": true,
    "payroll.record.create": true,
    "payroll.record.view": true,
    "pos.delivery.fulfill": true,
    "pos.sale.create": true,
    "pos.sale.view": true,
    "pos.sale.void": true,
    "reports.inventory.view": true,
    "reports.sales.view": true,
    "seminars.attendance.record": true,
    "seminars.attendance.view": true,
    "seminars.manage": true,
  },
}
`;
